package main

func test(input string) string {
	return input
}
