(*ast.ParserError)({
 Message: (string) (len=28) "expected using type, got ','",
 Position: (int) 19
})
