(*ast.ParserError)({
 Message: (string) (len=32) "expected 'mapping', got 'apppng'",
 Position: (int) 0
})
