// This file is automatically generated by RemixDB. Do not edit.

export class ServerError extends Error {
  readonly code: string;
  readonly message: string;
}

// AUTO-GENERATION MARKER: structs

export class Cursor<T> {
  private constructor(ws: WebSocket, type: any);
  next(): Promise<{ done: true } | { done: false; data: T }>;
  close(): void;
}

export type Config = {
  // AUTO-GENERATION MARKER: config
};

export class Client {
  constructor(url: string, config: Config);
  private _doNonCursorRequest<T>(
    method: string,
    data: Uint8Array,
    schemaHash: string,
    type: any
  ): Promise<T>;
  private _doCursorRequest<T>(
    method: string,
    data: Uint8Array,
    schemaHash: string,
    type: any
  ): Promise<Cursor<T>>;
  // AUTO-GENERATION MARKER: client
}
