([]interface {}) (len=1 cap=1) {
 (ast.ContractToken) {
  Name: (string) (len=18) "UnlessInMethodCall",
  Argument: (*ast.ContractArgumentToken)({
   Name: (string) (len=1) "x",
   NameIndex: (int) 29,
   Type: (string) (len=4) "bool",
   TypeIndex: (int) 30
  }),
  ReturnType: (string) (len=4) "void",
  Position: (int) 0,
  Throws: ([]ast.ContractThrowsToken) {
  },
  Decorators: ([]ast.DecoratorToken) {
  },
  Statements: ([]interface {}) (len=2 cap=2) {
   (ast.InlineUnlessToken) {
    Condition: (ast.ReferenceToken) {
     Name: (string) (len=1) "x",
     Position: (int) 62,
     Decorators: ([]ast.DecoratorToken) <nil>
    },
    Position: (int) 55,
    Token: (ast.MethodCallToken) {
     Name: (string) (len=1) "y",
     Position: (int) 51,
     Arguments: ([]interface {}) {
     },
     ChainedCall: (interface {}) <nil>
    }
   },
   (ast.InlineUnlessToken) {
    Condition: (ast.ReferenceToken) {
     Name: (string) (len=1) "X",
     Position: (int) 110,
     Decorators: ([]ast.DecoratorToken) <nil>
    },
    Position: (int) 103,
    Token: (ast.MethodCallToken) {
     Name: (string) (len=1) "y",
     Position: (int) 68,
     Arguments: ([]interface {}) (len=1 cap=1) {
      (ast.ObjectLiteralToken) {
       Values: (map[string]interface {}) (len=1) {
        (string) (len=5) "hello": (ast.StringLiteralToken) {
         Value: (string) (len=5) "world",
         Position: (int) 88
        }
       },
       Comments: ([]ast.CommentToken) {
       },
       Position: (int) 70
      }
     },
     ChainedCall: (interface {}) <nil>
    }
   }
  }
 }
}
