package test

func testing(r interface {
	Permissions() []string
	Close() error
	RespondWithRemixDBException(httpCode int, code string, message string)
}) error {
	println("hello world")
	var userPerms uint64
	for _, perm := range r.Permissions() {
		switch perm {
		case "*":
			goto postIam
		case "hello:*", "hello:world":
			userPerms = userPerms | 1
			if userPerms == 1 {
				goto postIam
			}
		}
	}
	r.Close()
	r.RespondWithRemixDBException(403, "no_permission", "You do not have permission to use this contract.")
	return nil
postIam:
	;
	panic("AAAAAAAAAAAA")
}
