([]interface {}) (len=1 cap=1) {
 (ast.MappingToken) {
  MappingPartialToken: (ast.MappingPartialToken) {
   Position: (int) 0,
   Key: (string) (len=1) "x",
   Value: (string) (len=1) "y",
   Comments: ([]ast.CommentToken) (len=5 cap=8) {
    (ast.CommentToken) {
     Comment: (string) (len=11) " a comment!",
     Position: (int) 8
    },
    (ast.CommentToken) {
     Comment: (string) (len=9) " comment!",
     Position: (int) 47
    },
    (ast.CommentToken) {
     Comment: (string) (len=24) " comment before bracket!",
     Position: (int) 65
    },
    (ast.CommentToken) {
     Comment: (string) (len=13) " Hello World!",
     Position: (int) 98
    },
    (ast.CommentToken) {
     Comment: (string) (len=4) " hi!",
     Position: (int) 123
    }
   }
  },
  Name: (string) (len=11) "MappingName",
  Using: ([]string) (len=2 cap=2) {
   (string) (len=5) "Item1",
   (string) (len=5) "Item2"
  },
  Decorators: ([]ast.DecoratorToken) {
  }
 }
}
