(*ast.ParserError)({
 Message: (string) (len=50) "unexpected whitespace in the middle of an argument",
 Position: (int) 23
})
