(*ast.ParserError)({
 Message: (string) (len=40) "unexpected '#' after contract definition",
 Position: (int) 0
})
