([]interface {}) (len=1 cap=1) {
 (ast.ContractToken) {
  Name: (string) (len=6) "Binary",
  Argument: (*ast.ContractArgumentToken)(<nil>),
  ReturnType: (string) (len=3) "int",
  Position: (int) 0,
  Throws: ([]ast.ContractThrowsToken) {
  },
  Decorators: ([]ast.DecoratorToken) {
  },
  Statements: ([]interface {}) (len=1 cap=1) {
   (ast.NumberLiteralToken) {
    Value: (int) 4,
    Position: (int) 31
   }
  }
 }
}
