([]interface {}) (len=1 cap=1) {
 (ast.ContractToken) {
  Name: (string) (len=6) "Object",
  Argument: (*ast.ContractArgumentToken)(<nil>),
  ReturnType: (string) (len=4) "void",
  Position: (int) 0,
  Throws: ([]ast.ContractThrowsToken) {
  },
  Decorators: ([]ast.DecoratorToken) {
  },
  Statements: ([]interface {}) (len=1 cap=1) {
   (ast.MethodCallToken) {
    Name: (string) (len=4) "test",
    Position: (int) 32,
    Arguments: ([]interface {}) (len=1 cap=1) {
     (ast.ObjectLiteralToken) {
      Values: (map[string]interface {}) (len=4) {
       (string) (len=36) "double quotes \"with quotes embedded\"": (ast.NumberLiteralToken) {
        Value: (int) 69,
        Position: (int) 137
       },
       (string) (len=11) "other_thing": (ast.NumberLiteralToken) {
        Value: (int) 456,
        Position: (int) 217
       },
       (string) (len=36) "single quotes 'with quotes embedded'": (ast.NumberLiteralToken) {
        Value: (int) 420,
        Position: (int) 191
       },
       (string) (len=5) "thing": (ast.NumberLiteralToken) {
        Value: (int) 123,
        Position: (int) 82
       }
      },
      Comments: ([]ast.CommentToken) (len=1 cap=1) {
       (ast.CommentToken) {
        Comment: (string) (len=16) " a comment! wow!",
        Position: (int) 47
       }
      },
      Position: (int) 37
     }
    },
    ChainedCall: (interface {}) <nil>
   }
  }
 }
}
