([]interface {}) (len=1 cap=1) {
 (ast.ContractToken) {
  Name: (string) (len=5) "Octal",
  Argument: (*ast.ContractArgumentToken)(<nil>),
  ReturnType: (string) (len=3) "int",
  Position: (int) 0,
  Throws: ([]ast.ContractThrowsToken) {
  },
  Decorators: ([]ast.DecoratorToken) {
  },
  Statements: ([]interface {}) (len=1 cap=1) {
   (ast.NumberLiteralToken) {
    Value: (int) 511,
    Position: (int) 30
   }
  }
 }
}
