([]interface {}) (len=1 cap=1) {
 (ast.ContractToken) {
  Name: (string) (len=16) "TrueInMethodCall",
  Argument: (*ast.ContractArgumentToken)(<nil>),
  ReturnType: (string) (len=4) "void",
  Position: (int) 0,
  Throws: ([]ast.ContractThrowsToken) {
  },
  Decorators: ([]ast.DecoratorToken) {
  },
  Statements: ([]interface {}) (len=1 cap=1) {
   (ast.MethodCallToken) {
    Name: (string) (len=4) "test",
    Position: (int) 42,
    Arguments: ([]interface {}) (len=1 cap=1) {
     (ast.BooleanLiteralToken) {
      Value: (bool) true,
      Position: (int) 47
     }
    },
    ChainedCall: (interface {}) <nil>
   }
  }
 }
}
