([]interface {}) (len=1 cap=1) {
 (ast.StructToken) {
  Name: (string) (len=1) "x",
  Position: (int) 0,
  Decorators: ([]ast.DecoratorToken) {
  },
  Fields: ([]interface {}) (len=1 cap=1) {
   (ast.FieldToken) {
    Name: (string) (len=1) "a",
    Type: (string) (len=6) "string",
    Position: (int) 15,
    Decorators: ([]ast.DecoratorToken) {
    }
   }
  }
 }
}
