(*ast.ParserError)({
 Message: (string) (len=45) "unexpected end of file before closing bracket",
 Position: (int) 45
})
