(*ast.ParserError)({
 Message: (string) (len=41) "unexpected '{' after contract return type",
 Position: (int) 21
})
