(*ast.ParserError)({
 Message: (string) (len=28) "expected whitespace, got EOF",
 Position: (int) 7
})
