([]interface {}) (len=1 cap=1) {
 (ast.ContractToken) {
  Name: (string) (len=9) "HitsFCase",
  Argument: (*ast.ContractArgumentToken)(<nil>),
  ReturnType: (string) (len=4) "void",
  Position: (int) 0,
  Throws: ([]ast.ContractThrowsToken) {
  },
  Decorators: ([]ast.DecoratorToken) {
  },
  Statements: ([]interface {}) (len=3 cap=4) {
   (ast.MethodCallToken) {
    Name: (string) (len=4) "test",
    Position: (int) 35,
    Arguments: ([]interface {}) (len=1 cap=1) {
     (ast.ReferenceToken) {
      Name: (string) (len=6) "falsee",
      Position: (int) 40,
      Decorators: ([]ast.DecoratorToken) <nil>
     }
    },
    ChainedCall: (interface {}) <nil>
   },
   (ast.MethodCallToken) {
    Name: (string) (len=4) "test",
    Position: (int) 52,
    Arguments: ([]interface {}) (len=1 cap=1) {
     (ast.ReferenceToken) {
      Name: (string) (len=3) "fal",
      Position: (int) 57,
      Decorators: ([]ast.DecoratorToken) <nil>
     }
    },
    ChainedCall: (interface {}) <nil>
   },
   (ast.MethodCallToken) {
    Name: (string) (len=4) "test",
    Position: (int) 66,
    Arguments: ([]interface {}) (len=1 cap=1) {
     (ast.ReferenceToken) {
      Name: (string) (len=2) "ff",
      Position: (int) 70,
      Decorators: ([]ast.DecoratorToken) <nil>
     }
    },
    ChainedCall: (interface {}) <nil>
   }
  }
 }
}
