([]interface {}) (len=1 cap=1) {
 (ast.ContractToken) {
  Name: (string) (len=4) "Null",
  Argument: (*ast.ContractArgumentToken)(<nil>),
  ReturnType: (string) (len=4) "void",
  Position: (int) 0,
  Throws: ([]ast.ContractThrowsToken) {
  },
  Decorators: ([]ast.DecoratorToken) {
  },
  Statements: ([]interface {}) (len=1 cap=1) {
   (ast.NullLiteralToken) {
    Position: (int) 30
   }
  }
 }
}
