([]interface {}) (len=1 cap=1) {
 (ast.ContractToken) {
  Name: (string) (len=11) "SingleQuote",
  Argument: (*ast.ContractArgumentToken)(<nil>),
  ReturnType: (string) (len=6) "string",
  Position: (int) 0,
  Throws: ([]ast.ContractThrowsToken) {
  },
  Decorators: ([]ast.DecoratorToken) {
  },
  Statements: ([]interface {}) (len=1 cap=1) {
   (ast.StringLiteralToken) {
    Value: (string) (len=59) "This is a single quoted string! 'wow strings!'\n\nmulti line!",
    Position: (int) 39
   }
  }
 }
}
